
ΓòÉΓòÉΓòÉΓòÉΓòÉΓòÉΓòÉΓòÉΓòÉΓòÉΓòÉΓòÉΓòÉΓòÉΓòÉΓòÉΓòÉΓòÉΓòÉΓòÉΓòÉΓòÉΓòÉΓòÉΓòÉΓòÉΓòÉΓòÉΓòÉΓòÉΓòÉΓòÉΓòÉΓòÉΓòÉΓòÉΓòÉΓòÉΓòÉΓòÉΓòÉΓòÉ
TEST 1: GraphBuilder.buildGraph()
ΓòÉΓòÉΓòÉΓòÉΓòÉΓòÉΓòÉΓòÉΓòÉΓòÉΓòÉΓòÉΓòÉΓòÉΓòÉΓòÉΓòÉΓòÉΓòÉΓòÉΓòÉΓòÉΓòÉΓòÉΓòÉΓòÉΓòÉΓòÉΓòÉΓòÉΓòÉΓòÉΓòÉΓòÉΓòÉΓòÉΓòÉΓòÉΓòÉΓòÉΓòÉΓòÉ
  Γ£à PASS: WalletA ΓåÆ WalletB in adjacency list
  Γ£à PASS: WalletB ΓåÆ WalletC, WalletD in adjacency list
  Γ£à PASS: WalletC ΓåÆ WalletE in adjacency list
  Γ£à PASS: WalletG has no outgoing edges (leaf node)
  Γ£à PASS: 7 unique nodes found (got 7)
  Γ£à PASS: Nodes include WalletA and WalletG
  Γ£à PASS: 6 edges created (got 6)
  Γ£à PASS: Edge 0xaaa: WalletA ΓåÆ WalletB, amount 3.2

ΓòÉΓòÉΓòÉΓòÉΓòÉΓòÉΓòÉΓòÉΓòÉΓòÉΓòÉΓòÉΓòÉΓòÉΓòÉΓòÉΓòÉΓòÉΓòÉΓòÉΓòÉΓòÉΓòÉΓòÉΓòÉΓòÉΓòÉΓòÉΓòÉΓòÉΓòÉΓòÉΓòÉΓòÉΓòÉΓòÉΓòÉΓòÉΓòÉΓòÉΓòÉΓòÉ
TEST 2: GraphTraversal.bfs()
ΓòÉΓòÉΓòÉΓòÉΓòÉΓòÉΓòÉΓòÉΓòÉΓòÉΓòÉΓòÉΓòÉΓòÉΓòÉΓòÉΓòÉΓòÉΓòÉΓòÉΓòÉΓòÉΓòÉΓòÉΓòÉΓòÉΓòÉΓòÉΓòÉΓòÉΓòÉΓòÉΓòÉΓòÉΓòÉΓòÉΓòÉΓòÉΓòÉΓòÉΓòÉΓòÉ
  Γ£à PASS: BFS depth 2: includes start node WalletA
  Γ£à PASS: BFS depth 2: includes WalletB (hop 1)
  Γ£à PASS: BFS depth 2: includes WalletC (hop 2)
  Γ£à PASS: BFS depth 2: includes WalletD (hop 2)
  Γ£à PASS: BFS depth 2: does NOT include WalletE (hop 3)
  Γ£à PASS: BFS depth 2: does NOT include WalletG (hop 4)
  Γ£à PASS: BFS depth 5: all 7 nodes visited (got 7)
  Γ£à PASS: BFS depth 5: all 6 edges traversed (got 6)
  Γ£à PASS: BFS: start node has depth 0
  Γ£à PASS: BFS: WalletE has depth 3

ΓòÉΓòÉΓòÉΓòÉΓòÉΓòÉΓòÉΓòÉΓòÉΓòÉΓòÉΓòÉΓòÉΓòÉΓòÉΓòÉΓòÉΓòÉΓòÉΓòÉΓòÉΓòÉΓòÉΓòÉΓòÉΓòÉΓòÉΓòÉΓòÉΓòÉΓòÉΓòÉΓòÉΓòÉΓòÉΓòÉΓòÉΓòÉΓòÉΓòÉΓòÉΓòÉ
TEST 3: GraphTraversal.dfs()
ΓòÉΓòÉΓòÉΓòÉΓòÉΓòÉΓòÉΓòÉΓòÉΓòÉΓòÉΓòÉΓòÉΓòÉΓòÉΓòÉΓòÉΓòÉΓòÉΓòÉΓòÉΓòÉΓòÉΓòÉΓòÉΓòÉΓòÉΓòÉΓòÉΓòÉΓòÉΓòÉΓòÉΓòÉΓòÉΓòÉΓòÉΓòÉΓòÉΓòÉΓòÉΓòÉ
  Γ£à PASS: DFS depth 5: all 7 nodes visited (got 7)
  Γ£à PASS: DFS depth 5: at least 6 edges traversed (got 6)
  Γ£à PASS: DFS: includes start node WalletA
  Γ£à PASS: DFS: reaches leaf WalletG
  Γ£à PASS: DFS depth 1: includes WalletA
  Γ£à PASS: DFS depth 1: includes WalletB
  Γ£à PASS: DFS depth 1: does NOT reach all hop-2 nodes

ΓòÉΓòÉΓòÉΓòÉΓòÉΓòÉΓòÉΓòÉΓòÉΓòÉΓòÉΓòÉΓòÉΓòÉΓòÉΓòÉΓòÉΓòÉΓòÉΓòÉΓòÉΓòÉΓòÉΓòÉΓòÉΓòÉΓòÉΓòÉΓòÉΓòÉΓòÉΓòÉΓòÉΓòÉΓòÉΓòÉΓòÉΓòÉΓòÉΓòÉΓòÉΓòÉ
TEST 4: Edge cases
ΓòÉΓòÉΓòÉΓòÉΓòÉΓòÉΓòÉΓòÉΓòÉΓòÉΓòÉΓòÉΓòÉΓòÉΓòÉΓòÉΓòÉΓòÉΓòÉΓòÉΓòÉΓòÉΓòÉΓòÉΓòÉΓòÉΓòÉΓòÉΓòÉΓòÉΓòÉΓòÉΓòÉΓòÉΓòÉΓòÉΓòÉΓòÉΓòÉΓòÉΓòÉΓòÉ
  Γ£à PASS: Empty transactions ΓåÆ 0 nodes
  Γ£à PASS: Empty transactions ΓåÆ 0 edges
  Γ£à PASS: BFS on empty graph ΓåÆ only start node
  Γ£à PASS: BFS on empty graph ΓåÆ 0 edges
  Γ£à PASS: DFS from leaf WalletG ΓåÆ only itself (1 node)

ΓòÉΓòÉΓòÉΓòÉΓòÉΓòÉΓòÉΓòÉΓòÉΓòÉΓòÉΓòÉΓòÉΓòÉΓòÉΓòÉΓòÉΓòÉΓòÉΓòÉΓòÉΓòÉΓòÉΓòÉΓòÉΓòÉΓòÉΓòÉΓòÉΓòÉΓòÉΓòÉΓòÉΓòÉΓòÉΓòÉΓòÉΓòÉΓòÉΓòÉΓòÉΓòÉ
RESULTS: 30 passed, 0 failed, 30 total
ΓòÉΓòÉΓòÉΓòÉΓòÉΓòÉΓòÉΓòÉΓòÉΓòÉΓòÉΓòÉΓòÉΓòÉΓòÉΓòÉΓòÉΓòÉΓòÉΓòÉΓòÉΓòÉΓòÉΓòÉΓòÉΓòÉΓòÉΓòÉΓòÉΓòÉΓòÉΓòÉΓòÉΓòÉΓòÉΓòÉΓòÉΓòÉΓòÉΓòÉΓòÉΓòÉ

